┌ Warning: Constructing an MPS from tensors that are not full rank
└ @ MPSKit ~/.julia/packages/MPSKit/3FOjm/src/states/infinitemps.jl:188
	Command being timed: "julia --project=. bench/script_tracked.jl"
	User time (seconds): 435.55
	System time (seconds): 3.13
	Percent of CPU this job got: 186%
	Elapsed (wall clock) time (h:mm:ss or m:ss): 3:55.60
	Average shared text size (kbytes): 0
	Average unshared data size (kbytes): 0
	Average stack size (kbytes): 0
	Average total size (kbytes): 0
	Maximum resident set size (kbytes): 4361444
	Average resident set size (kbytes): 0
	Major (requiring I/O) page faults: 0
	Minor (reclaiming a frame) page faults: 1948306
	Voluntary context switches: 103
	Involuntary context switches: 4053
	Swaps: 0
	File system inputs: 0
	File system outputs: 120
	Socket messages sent: 0
	Socket messages received: 0
	Signals delivered: 0
	Page size (bytes): 4096
	Exit status: 0
