BLAS threads: 1 (cap 1, requested 36, 72 CPU threads available); Julia threads: 1
HaldaneMPO build: 97.74 s

=== expansion loop (OptimalExpand + noise + 2 VUMPS iterations) ===
  expand  1: max chi =   2, min =   1, E/site = -0.2031057024, [2, 2, 2, 1, 1, 2, 2, 2, 2, 1, 1, 2]
  expand  2: max chi =   2, min =   2, E/site = -0.2165720957, [2, 2, 2, 2, 2, 2, 2, 2, 2, 2, 2, 2]
  expand  3: max chi =   4, min =   2, E/site = -0.2201935124, [2, 2, 2, 4, 4, 2, 2, 2, 2, 4, 4, 2]
  expand  4: max chi =   4, min =   2, E/site = -0.2145434833, [2, 2, 4, 4, 4, 4, 2, 2, 4, 4, 4, 4]
  expand  5: max chi =   5, min =   4, E/site = -0.2098909549, [4, 4, 4, 5, 5, 4, 4, 4, 4, 5, 5, 4]
  expand  6: max chi =   8, min =   5, E/site = -0.1890487501, [8, 8, 5, 5, 5, 5, 8, 8, 5, 5, 5, 5]
  expand  7: max chi =  10, min =   6, E/site = -0.1792226718, [10, 10, 10, 6, 6, 10, 10, 10, 10, 6, 6, 10]
  expand  8: max chi =  12, min =  12, E/site = -0.2065566729, [12, 12, 12, 12, 12, 12, 12, 12, 12, 12, 12, 12]
  expand  9: max chi =  24, min =  14, E/site = -0.2352571579, [14, 14, 14, 24, 24, 14, 14, 14, 14, 24, 24, 14]
  expand 10: max chi =  28, min =  16, E/site = -0.2470819758, [16, 16, 28, 28, 28, 28, 16, 16, 28, 28, 28, 28]
  expand 11: max chi =  37, min =  32, E/site = -0.2617416570, [32, 32, 32, 37, 37, 32, 32, 32, 32, 37, 37, 32]
  expand 12: max chi =  64, min =  42, E/site = -0.2695239138, [64, 64, 42, 42, 42, 42, 64, 64, 42, 42, 42, 42]
  expand 13: max chi =  84, min =  53, E/site = -0.2745118801, [84, 84, 84, 53, 53, 84, 84, 84, 84, 53, 53, 84]
  expand 14: max chi = 106, min = 106, E/site = -0.2769379707, [106, 106, 106, 106, 106, 106, 106, 106, 106, 106, 106, 106]
  trimmed to [100, 100, 100, 100, 100, 100, 100, 100, 100, 100, 100, 100]
expansion: 178.04 s, bond dims = [100, 100, 100, 100, 100, 100, 100, 100, 100, 100, 100, 100]
  E/site after expansion = -0.2769374168

=== plain VUMPS on the saturated state ===

VUMPS(50): 402.67 s, final err = 3.035e-03
  E/site   = -0.2788578016
  chi      = [100, 100, 100, 100, 100, 100, 100, 100, 100, 100, 100, 100]
  reference: TeNPy -0.2792287344,  IDMRG2 product start -0.2765905800

iter  time [s]    max chi
----------------------------------
1     15.860      100
2     24.566      100
3     33.773      100
4     40.625      100
5     49.316      100
6     58.031      100
7     64.783      100
8     73.043      100
9     81.288      100
10    87.708      100
11    96.094      100
12    104.545     100
13    110.696     100
14    118.457     100
15    126.340     100
16    134.877     100
17    141.567     100
18    149.990     100
19    158.539     100
20    165.128     100
21    173.049     100
22    180.759     100
23    187.485     100
24    195.980     100
25    204.523     100
26    213.190     100
27    219.997     100
28    228.092     100
29    236.287     100
30    244.250     100
31    250.876     100
32    258.599     100
33    266.354     100
34    274.352     100
35    281.047     100
36    289.301     100
37    297.136     100
38    305.232     100
39    311.942     100
40    319.893     100
41    328.007     100
42    336.236     100
43    343.184     100
44    351.376     100
45    359.835     100
46    368.246     100
47    377.302     100
48    384.538     100
49    393.814     100
50    402.398     100

per-round E/site during the expansion loop:
  round  1: -0.2031057024
  round  2: -0.2165720957
  round  3: -0.2201935124
  round  4: -0.2145434833
  round  5: -0.2098909549
  round  6: -0.1890487501
  round  7: -0.1792226718
  round  8: -0.2065566729
  round  9: -0.2352571579
  round 10: -0.2470819758
  round 11: -0.2617416570
  round 12: -0.2695239138
  round 13: -0.2745118801
  round 14: -0.2769379707

saved meme_trace.npz
