/home/leburgel/git/tmp/mina/.venv/lib/python3.12/site-packages/tenpy/networks/mps.py:1629: UserWarning: unit_cell_width is a new argument for MPS and similar classes. It is optional for now, but will become mandatory in a future release. The default value (unit_cell_width=len(sites)) is correct, iff the lattice is a Chain. For other lattices, it is incorrect. It is used for dipolar charges and correlation_function2.
  super().__init__(sites, bc, unit_cell_width)
final DMRG state not in canonical form up to norm_tol=1.00e-05: norm_err=1.21e-03
final DMRG state not in canonical form up to norm_tol_final=1.00e-10: norm_err=3.37e-06, calling psi.canonical_form()
	Command being timed: ".venv/bin/python bench/script_cstyle.py"
	User time (seconds): 493.89
	System time (seconds): 4.59
	Percent of CPU this job got: 836%
	Elapsed (wall clock) time (h:mm:ss or m:ss): 0:59.57
	Average shared text size (kbytes): 0
	Average unshared data size (kbytes): 0
	Average stack size (kbytes): 0
	Average total size (kbytes): 0
	Maximum resident set size (kbytes): 189848
	Average resident set size (kbytes): 0
	Major (requiring I/O) page faults: 0
	Minor (reclaiming a frame) page faults: 1856654
	Voluntary context switches: 982
	Involuntary context switches: 3842
	Swaps: 0
	File system inputs: 0
	File system outputs: 144
	Socket messages sent: 0
	Socket messages received: 0
	Signals delivered: 0
	Page size (bytes): 4096
	Exit status: 0
