BLAS threads: 1 (cap 1, requested 36, 72 CPU threads available); Julia threads: 1

=== warm-up loop (2 VUMPS iterations per expansion) ===
  round  1: err = 3.420e-01, E/site = -0.1624353981, min chi =   1, max chi =   2, [2, 2, 1, 1, 1, 1, 2, 2, 1, 1, 1, 1]
      expanded -> min chi =   2, max chi =   4, [4, 2, 2, 2, 2, 4, 4, 2, 2, 2, 2, 4]
  round  2: err = 9.335e-01, E/site = -0.2275409037, min chi =   2, max chi =   4, [4, 2, 2, 2, 2, 4, 4, 2, 2, 2, 2, 4]
      expanded -> min chi =   4, max chi =   8, [8, 4, 4, 4, 8, 8, 4, 4, 4, 4, 8, 8]
  round  3: err = 2.925e-01, E/site = -0.2455176381, min chi =   4, max chi =   8, [8, 4, 4, 4, 8, 8, 4, 4, 4, 4, 8, 8]
      expanded -> min chi =   8, max chi =  16, [16, 8, 8, 16, 16, 8, 8, 8, 8, 16, 16, 16]
  round  4: err = 7.862e-02, E/site = -0.2569066473, min chi =   8, max chi =  16, [16, 8, 8, 16, 16, 8, 8, 8, 8, 16, 16, 16]
      expanded -> min chi =  16, max chi =  32, [32, 16, 32, 32, 16, 16, 16, 16, 32, 32, 32, 32]
  round  5: err = 1.108e-01, E/site = -0.2679725715, min chi =  16, max chi =  32, [32, 16, 32, 32, 16, 16, 16, 16, 32, 32, 32, 32]
      expanded -> min chi =  32, max chi = 100, [100, 64, 64, 32, 32, 32, 32, 64, 64, 64, 64, 64]
  round  6: err = 5.136e-02, E/site = -0.2736986403, min chi =  32, max chi = 100, [100, 64, 64, 32, 32, 32, 32, 64, 64, 64, 64, 64]
      expanded -> min chi =  64, max chi = 100, [100, 100, 64, 64, 64, 64, 100, 100, 100, 100, 100, 100]
  round  7: err = 4.519e-02, E/site = -0.2768360631, min chi =  64, max chi = 100, [100, 100, 64, 64, 64, 64, 100, 100, 100, 100, 100, 100]
      expanded -> min chi = 100, max chi = 100, [100, 100, 100, 100, 100, 100, 100, 100, 100, 100, 100, 100]
  round  8: err = 2.283e-02, E/site = -0.2783298729, min chi = 100, max chi = 100, [100, 100, 100, 100, 100, 100, 100, 100, 100, 100, 100, 100]
  (saturated -- every bond at chi = 100)

after expansion loop: 318.81 s, err = 2.283e-02, bond dims = [100, 100, 100, 100, 100, 100, 100, 100, 100, 100, 100, 100]
  all bonds at chi = 100: YES

VUMPS(50): 343.01 s, final err = 2.533e-03, E/site = -0.2791059926
  bond dims = [100, 100, 100, 100, 100, 100, 100, 100, 100, 100, 100, 100]
  (TeNPy reference: -0.2792287344;  IDMRG2 product start: -0.2765905800)

iter  time [s]    max chi
----------------------------------
1     28.819      2
2     29.787      2
3     53.893      4
4     54.603      4
5     69.172      8
6     70.075      8
7     85.580      16
8     86.843      16
9     111.536     32
10    114.430     32
11    154.153     100
12    157.427     100
13    225.679     100
14    231.039     100
15    313.245     100
16    318.858     100
17    330.763     100
18    336.292     100
19    343.488     100
20    348.940     100
21    355.760     100
22    361.353     100
23    368.051     100
24    373.999     100
25    381.247     100
26    387.281     100
27    394.593     100
28    400.403     100
29    407.533     100
30    413.461     100
31    420.841     100
32    426.745     100
33    433.958     100
34    439.808     100
35    446.608     100
36    452.452     100
37    459.129     100
38    465.005     100
39    471.852     100
40    477.857     100
41    484.663     100
42    492.151     100
43    497.894     100
44    503.966     100
45    510.931     100
46    517.050     100
47    524.196     100
48    530.308     100
49    537.385     100
50    543.425     100
51    550.627     100
52    556.988     100
53    564.669     100
54    572.795     100
55    578.779     100
56    586.843     100
57    593.030     100
58    601.528     100
59    607.836     100
60    617.044     100
61    623.500     100
62    632.311     100
63    638.937     100
64    647.405     100
65    655.917     100
66    662.177     100

per-round E/site during the warm-up loop:
  round  1: -0.1624353981
  round  2: -0.2275409037
  round  3: -0.2455176381
  round  4: -0.2569066473
  round  5: -0.2679725715
  round  6: -0.2736986403
  round  7: -0.2768360631
  round  8: -0.2783298729

saved me_trace.npz
