┌ Warning: Constructing an MPS from tensors that are not full rank
└ @ MPSKit ~/.julia/packages/MPSKit/3FOjm/src/states/infinitemps.jl:188
[ Info: IDMRG2 init:	obj = +9.451318980385e-16 -6.883249502763e-18im	err = 1.0000e+00
[ Info: IDMRG2   1:	obj = -3.831928310263e+00	err = 6.6803287638e-02	time = 1.04 min
[ Info: IDMRG2   2:	obj = -3.141595674730e+00	err = 7.6355066348e-01	time = 6.16 sec
[ Info: IDMRG2   3:	obj = -3.232405740783e+00	err = 1.6782579492e-01	time = 27.77 sec
[ Info: IDMRG2   4:	obj = -3.302257593660e+00	err = 3.6098433896e-01	time = 49.94 sec
┌ Info: ─────────────────────────────────────────────────────────────────────────────────────────────────────────
│                                             Time                                 Allocations
│                           ────────────────────────────────────────    ──────────────────────────────────
│     Tot / % measured:                   200s / 87.3%                           60.5GiB / 96.9%
│  ───────────────────────  ────────────────────────────────────────    ──────────────────────────────────
│  Section          ncalls    time    %tot      GC     avg                alloc    %tot      avg
│ ─────────────────────────────────────────────────────────────────────────────────────────────────────────
│  localupdate           5    175s  100.0%   33.9s   35.0s  ████████    58.6GiB  100.0%  11.7GiB  ████████
│  ├─ AC2_eigsolve     120    119s   68.0%   31.8s   991ms  █████▌      53.7GiB   91.7%   459MiB  ███████▍
│  ├─ transfer_env     120   9.83s    5.6%   1.61s  81.9ms  ▌           3.79GiB    6.5%  32.3MiB  ▌
│  └─ svd_trunc        120   2.05s    1.2%       ∅  17.1ms  ▏            116MiB    0.2%  0.96MiB
│ ─────────────────────────────────────────────────────────────────────────────────────────────────────────
└ 
┌ Warning: IDMRG2 cancel 5:	obj = -3.327286780499e+00	err = 6.8666111000e-02	time = 3.18 min
└ @ MPSKit ~/.julia/packages/MPSKit/3FOjm/src/algorithms/groundstate/idmrg.jl:128
	Command being timed: "julia --project=. script.jl"
	User time (seconds): 1334.94
	System time (seconds): 10.58
	Percent of CPU this job got: 213%
	Elapsed (wall clock) time (h:mm:ss or m:ss): 10:30.88
	Average shared text size (kbytes): 0
	Average unshared data size (kbytes): 0
	Average stack size (kbytes): 0
	Average total size (kbytes): 0
	Maximum resident set size (kbytes): 4558520
	Average resident set size (kbytes): 0
	Major (requiring I/O) page faults: 1
	Minor (reclaiming a frame) page faults: 1797354
	Voluntary context switches: 931
	Involuntary context switches: 88883
	Swaps: 0
	File system inputs: 72
	File system outputs: 120
	Socket messages sent: 0
	Socket messages received: 0
	Signals delivered: 0
	Page size (bytes): 4096
	Exit status: 0
