BLAS threads: 1 (cap 1, requested 36, 72 CPU threads available); Julia threads: 12
Julia threads: 12;  MPSKit scheduler: OhMyThreads.Schedulers.DynamicScheduler{OhMyThreads.Schedulers.FixedCount, ChunkSplitters.Consecutive, :default}(OhMyThreads.Schedulers.ChunkingArgs{OhMyThreads.Schedulers.FixedCount, ChunkSplitters.Consecutive}(12, nothing, nothing, ChunkSplitters.Consecutive()))

=== warm-up loop (2 VUMPS iterations per expansion) ===
  round  1: err = 3.420e-01, E/site = -0.1624353981, min chi =   1, max chi =   2, [2, 2, 1, 1, 1, 1, 2, 2, 1, 1, 1, 1]
      expanded -> min chi =   2, max chi =   4, [4, 2, 2, 2, 2, 4, 4, 2, 2, 2, 2, 4]
  round  2: err = 9.335e-01, E/site = -0.2275409037, min chi =   2, max chi =   4, [4, 2, 2, 2, 2, 4, 4, 2, 2, 2, 2, 4]
      expanded -> min chi =   4, max chi =   8, [8, 4, 4, 4, 8, 8, 4, 4, 4, 4, 8, 8]
  round  3: err = 2.925e-01, E/site = -0.2455176381, min chi =   4, max chi =   8, [8, 4, 4, 4, 8, 8, 4, 4, 4, 4, 8, 8]
      expanded -> min chi =   8, max chi =  16, [16, 8, 8, 16, 16, 8, 8, 8, 8, 16, 16, 16]
  round  4: err = 7.862e-02, E/site = -0.2569066473, min chi =   8, max chi =  16, [16, 8, 8, 16, 16, 8, 8, 8, 8, 16, 16, 16]
      expanded -> min chi =  16, max chi =  32, [32, 16, 32, 32, 16, 16, 16, 16, 32, 32, 32, 32]
  round  5: err = 1.108e-01, E/site = -0.2679725715, min chi =  16, max chi =  32, [32, 16, 32, 32, 16, 16, 16, 16, 32, 32, 32, 32]
      expanded -> min chi =  32, max chi = 100, [100, 64, 64, 32, 32, 32, 32, 64, 64, 64, 64, 64]
  round  6: err = 5.136e-02, E/site = -0.2736986403, min chi =  32, max chi = 100, [100, 64, 64, 32, 32, 32, 32, 64, 64, 64, 64, 64]
      expanded -> min chi =  64, max chi = 100, [100, 100, 64, 64, 64, 64, 100, 100, 100, 100, 100, 100]
  round  7: err = 4.519e-02, E/site = -0.2768360631, min chi =  64, max chi = 100, [100, 100, 64, 64, 64, 64, 100, 100, 100, 100, 100, 100]
      expanded -> min chi = 100, max chi = 100, [100, 100, 100, 100, 100, 100, 100, 100, 100, 100, 100, 100]
  round  8: err = 2.283e-02, E/site = -0.2783298729, min chi = 100, max chi = 100, [100, 100, 100, 100, 100, 100, 100, 100, 100, 100, 100, 100]
  (saturated -- every bond at chi = 100)

after expansion loop: 250.93 s, err = 2.283e-02, bond dims = [100, 100, 100, 100, 100, 100, 100, 100, 100, 100, 100, 100]
  all bonds at chi = 100: YES

VUMPS(50): 232.45 s, final err = 2.533e-03, E/site = -0.2791059926
  bond dims = [100, 100, 100, 100, 100, 100, 100, 100, 100, 100, 100, 100]
  (TeNPy reference: -0.2792287344;  IDMRG2 product start: -0.2765905800)

iter  time [s]    max chi
----------------------------------
1     35.146      2
2     36.344      2
3     58.915      4
4     59.808      4
5     74.269      8
6     75.215      8
7     89.589      16
8     90.734      16
9     106.939     32
10    108.182     32
11    132.793     100
12    135.608     100
13    179.090     100
14    182.860     100
15    246.334     100
16    250.806     100
17    259.971     100
18    264.416     100
19    268.677     100
20    273.113     100
21    277.400     100
22    281.799     100
23    286.348     100
24    290.901     100
25    295.571     100
26    300.177     100
27    304.833     100
28    309.467     100
29    313.893     100
30    318.495     100
31    323.765     100
32    328.639     100
33    333.240     100
34    338.130     100
35    342.601     100
36    346.982     100
37    351.430     100
38    355.633     100
39    360.200     100
40    364.378     100
41    369.038     100
42    373.308     100
43    377.779     100
44    382.157     100
45    386.760     100
46    391.886     100
47    396.124     100
48    400.940     100
49    405.870     100
50    410.928     100
51    415.594     100
52    420.221     100
53    424.854     100
54    429.316     100
55    433.896     100
56    438.749     100
57    443.147     100
58    448.289     100
59    452.779     100
60    457.513     100
61    461.778     100
62    466.546     100
63    470.797     100
64    474.967     100
65    479.294     100
66    483.720     100

per-round E/site during the warm-up loop:
  round  1: -0.1624353981
  round  2: -0.2275409037
  round  3: -0.2455176381
  round  4: -0.2569066473
  round  5: -0.2679725715
  round  6: -0.2736986403
  round  7: -0.2768360631
  round  8: -0.2783298729

saved me_trace.npz
