[ Info: IDMRG2 init:	obj = +9.974388360673e-07	err = 1.0000e+00
[ Info: IDMRG2   1:	obj = -3.394593211446e+00	err = 1.3533196473e+00	time = 19.89 sec
[ Info: IDMRG2   2:	obj = -3.084207762144e+00	err = 5.1479391804e-01	time = 1.10 sec
[ Info: IDMRG2   3:	obj = -3.219959083077e+00	err = 2.2579835238e-01	time = 1.84 sec
[ Info: IDMRG2   4:	obj = -3.290418121070e+00	err = 8.2842239388e-02	time = 5.76 sec
[ Info: IDMRG2   5:	obj = -3.318832891157e+00	err = 8.9500463918e-02	time = 5.31 sec
[ Info: IDMRG2   6:	obj = -3.339830590732e+00	err = 3.8271044118e-02	time = 4.69 sec
[ Info: IDMRG2   7:	obj = -3.346097214918e+00	err = 3.1665694596e-02	time = 2.64 sec
[ Info: IDMRG2   8:	obj = -3.346801263474e+00	err = 2.0583518444e-02	time = 4.10 sec
[ Info: IDMRG2   9:	obj = -3.347349340756e+00	err = 1.4450823375e-02	time = 2.32 sec
[ Info: IDMRG2  10:	obj = -3.349186576176e+00	err = 8.7545847469e-03	time = 3.93 sec
[ Info: IDMRG2  11:	obj = -3.349937586647e+00	err = 1.2078921545e-02	time = 2.72 sec
[ Info: IDMRG2  12:	obj = -3.349735127875e+00	err = 5.9891750000e-03	time = 3.75 sec
[ Info: IDMRG2  13:	obj = -3.350043329112e+00	err = 5.8521254383e-03	time = 4.41 sec
[ Info: IDMRG2  14:	obj = -3.350510422180e+00	err = 6.7786319682e-03	time = 2.77 sec
[ Info: IDMRG2  15:	obj = -3.350501569794e+00	err = 4.9988678923e-03	time = 4.18 sec
[ Info: IDMRG2  16:	obj = -3.350459158699e+00	err = 4.4228038811e-03	time = 2.88 sec
[ Info: IDMRG2  17:	obj = -3.350691469768e+00	err = 4.6516428932e-03	time = 4.36 sec
[ Info: IDMRG2  18:	obj = -3.350786841578e+00	err = 4.0825968136e-03	time = 4.43 sec
[ Info: IDMRG2  19:	obj = -3.350699159500e+00	err = 2.2960720429e-03	time = 4.61 sec
[ Info: IDMRG2  20:	obj = -3.350753752022e+00	err = 3.7964208052e-03	time = 3.42 sec
[ Info: IDMRG2  21:	obj = -3.350881793648e+00	err = 3.1290310886e-03	time = 4.78 sec
[ Info: IDMRG2  22:	obj = -3.350855764158e+00	err = 3.4347058334e-03	time = 5.07 sec
[ Info: IDMRG2  23:	obj = -3.350815630915e+00	err = 2.6212848338e-03	time = 3.10 sec
[ Info: IDMRG2  24:	obj = -3.350903670879e+00	err = 3.5560879144e-03	time = 5.39 sec
[ Info: IDMRG2  25:	obj = -3.350952935937e+00	err = 4.7474813815e-03	time = 4.68 sec
[ Info: IDMRG2  26:	obj = -3.350897304714e+00	err = 1.5586931238e-03	time = 4.49 sec
[ Info: IDMRG2  27:	obj = -3.350922679447e+00	err = 3.1402104916e-03	time = 4.16 sec
[ Info: IDMRG2  28:	obj = -3.350986681571e+00	err = 2.9697735116e-03	time = 4.87 sec
[ Info: IDMRG2  29:	obj = -3.350959645139e+00	err = 2.0184342498e-03	time = 4.90 sec
[ Info: IDMRG2  30:	obj = -3.350939538302e+00	err = 1.6150271372e-03	time = 5.16 sec
[ Info: IDMRG2  31:	obj = -3.350987227485e+00	err = 2.0390883716e-03	time = 3.79 sec
[ Info: IDMRG2  32:	obj = -3.350999526113e+00	err = 2.1641416558e-03	time = 5.24 sec
[ Info: IDMRG2  33:	obj = -3.350966212541e+00	err = 1.3200019007e-03	time = 4.97 sec
[ Info: IDMRG2  34:	obj = -3.350978644284e+00	err = 1.5133448269e-03	time = 5.68 sec
[ Info: IDMRG2  35:	obj = -3.351012527265e+00	err = 2.0777101766e-03	time = 5.67 sec
[ Info: IDMRG2  36:	obj = -3.350996738241e+00	err = 1.8816401059e-03	time = 3.59 sec
[ Info: IDMRG2  37:	obj = -3.350978376623e+00	err = 1.0922289486e-03	time = 4.99 sec
[ Info: IDMRG2  38:	obj = -3.351006776278e+00	err = 1.8546230033e-03	time = 5.91 sec
[ Info: IDMRG2  39:	obj = -3.351018479036e+00	err = 2.0965195833e-03	time = 5.35 sec
[ Info: IDMRG2  40:	obj = -3.350990412842e+00	err = 1.1301382741e-03	time = 3.57 sec
[ Info: IDMRG2  41:	obj = -3.350997526517e+00	err = 1.4288399479e-03	time = 5.70 sec
[ Info: IDMRG2  42:	obj = -3.351024051490e+00	err = 1.9018276523e-03	time = 5.42 sec
[ Info: IDMRG2  43:	obj = -3.351008192768e+00	err = 1.4677742300e-03	time = 5.30 sec
[ Info: IDMRG2  44:	obj = -3.350995412137e+00	err = 9.6750096900e-04	time = 5.52 sec
[ Info: IDMRG2  45:	obj = -3.351017141267e+00	err = 1.5443666698e-03	time = 6.12 sec
[ Info: IDMRG2  46:	obj = -3.351021278404e+00	err = 1.6563277271e-03	time = 4.38 sec
[ Info: IDMRG2  47:	obj = -3.351002610572e+00	err = 1.0566844345e-03	time = 5.06 sec
[ Info: IDMRG2  48:	obj = -3.351007643756e+00	err = 1.1913598012e-03	time = 5.93 sec
[ Info: IDMRG2  49:	obj = -3.351023805088e+00	err = 1.6193608530e-03	time = 5.94 sec
┌ Info: ─────────────────────────────────────────────────────────────────────────────────────────────────────────
│                                             Time                                 Allocations
│                           ────────────────────────────────────────    ──────────────────────────────────
│     Tot / % measured:                   253s / 91.9%                            222GiB / 99.4%
│  ───────────────────────  ────────────────────────────────────────    ──────────────────────────────────
│  Section          ncalls    time    %tot      GC     avg                alloc    %tot      avg
│ ─────────────────────────────────────────────────────────────────────────────────────────────────────────
│  localupdate          50    232s  100.0%   77.6s   4.64s  ████████     221GiB  100.0%  4.42GiB  ████████
│  ├─ AC2_eigsolve   1.20k    193s   83.3%   72.4s   161ms  ██████▋      190GiB   86.1%   163MiB  ██████▉
│  ├─ transfer_env   1.20k   23.4s   10.1%   5.07s  19.5ms  ▊           28.7GiB   13.0%  24.5MiB  █
│  └─ svd_trunc      1.20k   3.96s    1.7%   156ms  3.30ms  ▏           1.53GiB    0.7%  1.30MiB
│  finalize             50   570μs    0.0%       ∅  11.4μs              18.9KiB    0.0%     386B
│ ─────────────────────────────────────────────────────────────────────────────────────────────────────────
└ 
┌ Warning: IDMRG2 cancel 50:	obj = -3.351014633193e+00	err = 1.4122705615e-03	time = 4.05 min
└ @ MPSKit ~/projects/mpskit_vs_tenpy/lib/MPSKit.jl/src/algorithms/groundstate/idmrg.jl:158
	Command being timed: "julia --project=. script.jl"
	User time (seconds): 555.46
	System time (seconds): 15.09
	Percent of CPU this job got: 100%
	Elapsed (wall clock) time (h:mm:ss or m:ss): 9:26.54
	Average shared text size (kbytes): 0
	Average unshared data size (kbytes): 0
	Average stack size (kbytes): 0
	Average total size (kbytes): 0
	Maximum resident set size (kbytes): 4802240
	Average resident set size (kbytes): 0
	Major (requiring I/O) page faults: 0
	Minor (reclaiming a frame) page faults: 8810724
	Voluntary context switches: 300
	Involuntary context switches: 1711
	Swaps: 0
	File system inputs: 0
	File system outputs: 160
	Socket messages sent: 0
	Socket messages received: 0
	Signals delivered: 0
	Page size (bytes): 4096
	Exit status: 0
