┌ Warning: Constructing an MPS from tensors that are not full rank
└ @ MPSKit ~/.julia/packages/MPSKit/3FOjm/src/states/infinitemps.jl:188
[ Info: IDMRG2 init:	obj = +3.310517317304e-16 +1.574409343745e-18im	err = 1.0000e+00
[ Info: IDMRG2   1:	obj = -3.680331407281e+00	err = 1.0128414311e-01	time = 49.44 sec
[ Info: IDMRG2   2:	obj = -3.130791904347e+00	err = 5.5527883792e-01	time = 3.87 sec
[ Info: IDMRG2   3:	obj = -3.219798717229e+00	err = 1.6926888488e-01	time = 17.03 sec
[ Info: IDMRG2   4:	obj = -3.303203711319e+00	err = 2.7710477572e-01	time = 30.32 sec
┌ Info: ─────────────────────────────────────────────────────────────────────────────────────────────────────────
│                                             Time                                 Allocations
│                           ────────────────────────────────────────    ──────────────────────────────────
│     Tot / % measured:                   137s / 87.9%                           60.3GiB / 96.9%
│  ───────────────────────  ────────────────────────────────────────    ──────────────────────────────────
│  Section          ncalls    time    %tot      GC     avg                alloc    %tot      avg
│ ─────────────────────────────────────────────────────────────────────────────────────────────────────────
│  localupdate           5    121s  100.0%   23.5s   24.1s  ████████    58.5GiB  100.0%  11.7GiB  ████████
│  ├─ AC2_eigsolve     120   75.7s   62.8%   22.0s   631ms  █████       53.6GiB   91.6%   457MiB  ███████▍
│  ├─ transfer_env     120   6.26s    5.2%   1.32s  52.2ms  ▍           3.79GiB    6.5%  32.3MiB  ▌
│  └─ svd_trunc        120   1.36s    1.1%  30.7ms  11.4ms  ▏            116MiB    0.2%  0.97MiB
│ ─────────────────────────────────────────────────────────────────────────────────────────────────────────
└ 
┌ Warning: IDMRG2 cancel 5:	obj = -3.323733421506e+00	err = 8.6691405355e-02	time = 2.20 min
└ @ MPSKit ~/.julia/packages/MPSKit/3FOjm/src/algorithms/groundstate/idmrg.jl:128
	Command being timed: "julia --project=. script.jl"
	User time (seconds): 1090.87
	System time (seconds): 6.82
	Percent of CPU this job got: 245%
	Elapsed (wall clock) time (h:mm:ss or m:ss): 7:27.23
	Average shared text size (kbytes): 0
	Average unshared data size (kbytes): 0
	Average stack size (kbytes): 0
	Average total size (kbytes): 0
	Maximum resident set size (kbytes): 4128752
	Average resident set size (kbytes): 0
	Major (requiring I/O) page faults: 0
	Minor (reclaiming a frame) page faults: 1698060
	Voluntary context switches: 40602
	Involuntary context switches: 9850
	Swaps: 0
	File system inputs: 0
	File system outputs: 120
	Socket messages sent: 0
	Socket messages received: 0
	Signals delivered: 0
	Page size (bytes): 4096
	Exit status: 0
