BLAS threads: 1 (cap 1, 72 CPUs available)
MPS site ordering: Cstyle
Starting warm-up iDMRG at χ = 100 …
initial chi: [1, 1, 1, 1, 1, 1, 1, 1, 1, 1, 1, 1]
Warm-up complete.  E/site = -0.2792287344

 sweep |   time [s] |                  E | max_chi
---------------------------------------------------
     2 |       8.68 |      -0.2591018146 |     100
     4 |      18.84 |      -0.2776247113 |     100
     6 |      25.38 |      -0.2786405303 |     100
     8 |      30.68 |      -0.2788580811 |     100
    10 |      35.74 |      -0.2790367836 |     100
    12 |      40.89 |      -0.2791447539 |     100
    14 |      46.15 |      -0.2791898975 |     100
    16 |      49.85 |      -0.2792117664 |     100
    18 |      52.98 |      -0.2792174438 |     100
    20 |      55.96 |      -0.2792236822 |     100
    22 |      58.91 |      -0.2792287344 |     100

per-bond chi profile after each sweep:
  sweep   1: [8, 4, 100, 8, 11, 15, 20, 26, 32, 35, 30, 16]
  sweep   2: [100, 100, 100, 100, 100, 100, 100, 100, 100, 100, 100, 100]
  sweep   3: [100, 100, 100, 100, 100, 100, 100, 100, 100, 100, 100, 100]
  sweep   4: [100, 100, 100, 100, 100, 100, 100, 100, 100, 100, 100, 100]
  sweep   5: [100, 100, 100, 100, 100, 100, 100, 100, 100, 100, 100, 100]
  sweep   6: [100, 100, 100, 100, 100, 100, 100, 100, 100, 100, 100, 100]
  sweep   7: [100, 100, 100, 100, 100, 100, 100, 100, 100, 100, 100, 100]
  sweep   8: [100, 100, 100, 100, 100, 100, 100, 100, 100, 100, 100, 100]
  sweep   9: [100, 100, 100, 100, 100, 100, 100, 100, 100, 100, 100, 100]
  sweep  10: [100, 100, 100, 100, 100, 100, 100, 100, 100, 100, 100, 100]
  sweep  11: [100, 100, 100, 100, 100, 100, 100, 100, 100, 100, 100, 100]
  sweep  12: [100, 100, 100, 100, 100, 100, 100, 100, 100, 100, 100, 100]
  sweep  13: [100, 100, 100, 100, 100, 100, 100, 100, 100, 100, 100, 100]
  sweep  14: [100, 100, 100, 100, 100, 100, 100, 100, 100, 100, 100, 100]
  sweep  15: [100, 100, 100, 100, 100, 100, 100, 100, 100, 100, 100, 100]
  sweep  16: [100, 100, 100, 100, 100, 100, 100, 100, 100, 100, 100, 100]
  sweep  17: [100, 100, 100, 100, 100, 100, 100, 100, 100, 100, 100, 100]
  sweep  18: [100, 100, 100, 100, 100, 100, 100, 100, 100, 100, 100, 100]
  sweep  19: [100, 100, 100, 100, 100, 100, 100, 100, 100, 100, 100, 100]
  sweep  20: [100, 100, 100, 100, 100, 100, 100, 100, 100, 100, 100, 100]
  sweep  21: [100, 100, 100, 100, 100, 100, 100, 100, 100, 100, 100, 100]
  sweep  22: [100, 100, 100, 100, 100, 100, 100, 100, 100, 100, 100, 100]

Saved plot to 'fci_lander_energy_vs_time.png'.
Saved (time, energy) data to 'fci_lander_energy_vs_time.npy'.
