┌ Warning: Constructing an MPS from tensors that are not full rank
└ @ MPSKit ~/.julia/packages/MPSKit/3FOjm/src/states/infinitemps.jl:188
[ Info: IDMRG2 init:	obj = -4.121349845524e-17 +3.824705185214e-17im	err = 1.0000e+00
[ Info: IDMRG2   1:	obj = -3.926699999892e+00	err = 1.3099767854e-01	time = 49.47 sec
[ Info: IDMRG2   2:	obj = -3.134785858852e+00	err = 6.0086500507e-01	time = 5.47 sec
[ Info: IDMRG2   3:	obj = -3.221758391990e+00	err = 1.9069557436e-01	time = 21.14 sec
[ Info: IDMRG2   4:	obj = -3.285267619908e+00	err = 3.2950332795e-01	time = 29.41 sec
┌ Info: ─────────────────────────────────────────────────────────────────────────────────────────────────────────
│                                             Time                                 Allocations
│                           ────────────────────────────────────────    ──────────────────────────────────
│     Tot / % measured:                   142s / 88.1%                           64.6GiB / 97.1%
│  ───────────────────────  ────────────────────────────────────────    ──────────────────────────────────
│  Section          ncalls    time    %tot      GC     avg                alloc    %tot      avg
│ ─────────────────────────────────────────────────────────────────────────────────────────────────────────
│  localupdate           5    125s  100.0%   23.1s   25.0s  ████████    62.8GiB  100.0%  12.6GiB  ████████
│  ├─ AC2_eigsolve     120   77.6s   62.1%   19.0s   647ms  █████       57.9GiB   92.2%   494MiB  ███████▍
│  ├─ transfer_env     120   8.86s    7.1%   3.79s  73.9ms  ▋           3.80GiB    6.1%  32.4MiB  ▌
│  └─ svd_trunc        120   1.28s    1.0%       ∅  10.7ms  ▏            116MiB    0.2%  0.97MiB
│ ─────────────────────────────────────────────────────────────────────────────────────────────────────────
└ 
┌ Warning: IDMRG2 cancel 5:	obj = -3.311436766380e+00	err = 9.0734424502e-02	time = 2.28 min
└ @ MPSKit ~/.julia/packages/MPSKit/3FOjm/src/algorithms/groundstate/idmrg.jl:128
	Command being timed: "julia --project=. script.jl"
	User time (seconds): 1038.96
	System time (seconds): 8.35
	Percent of CPU this job got: 191%
	Elapsed (wall clock) time (h:mm:ss or m:ss): 9:07.04
	Average shared text size (kbytes): 0
	Average unshared data size (kbytes): 0
	Average stack size (kbytes): 0
	Average total size (kbytes): 0
	Maximum resident set size (kbytes): 4423484
	Average resident set size (kbytes): 0
	Major (requiring I/O) page faults: 0
	Minor (reclaiming a frame) page faults: 2129608
	Voluntary context switches: 554
	Involuntary context switches: 21691
	Swaps: 0
	File system inputs: 0
	File system outputs: 120
	Socket messages sent: 0
	Socket messages received: 0
	Signals delivered: 0
	Page size (bytes): 4096
	Exit status: 0
