Script started on 2026-09-09 13:19:54+02:00 [COMMAND="/usr/bin/time -v julia --project=. mpskit_vumps_expand.jl 2>bench/mergedloop_vumps_2it/time.log" <not executed on terminal>]
Julia threads: 1;  MPSKit scheduler: OhMyThreads.Schedulers.SerialScheduler()

=== expansion loop (2 VUMPS iterations per expansion) ===
  round  1: max chi =   4, min =   2, E/site = -0.2306836131, err = 9.130e-01, [4, 2, 2, 2, 2, 4, 4, 2, 2, 2, 2, 4]
  round  2: max chi =   8, min =   4, E/site = -0.2448004557, err = 2.973e-01, [8, 4, 4, 4, 8, 8, 4, 4, 4, 4, 8, 8]
  round  3: max chi =  16, min =   8, E/site = -0.2550394541, err = 1.400e-01, [16, 8, 8, 16, 16, 8, 8, 8, 8, 16, 16, 16]
  round  4: max chi =  32, min =  16, E/site = -0.2635890014, err = 1.432e-01, [32, 16, 32, 32, 16, 16, 16, 16, 32, 32, 32, 32]
  round  5: max chi = 100, min =  32, E/site = -0.2731058815, err = 7.756e-02, [100, 64, 64, 32, 32, 32, 32, 64, 64, 64, 64, 64]
  round  6: max chi = 100, min =  64, E/site = -0.2775522307, err = 3.824e-02, [100, 100, 64, 64, 64, 64, 100, 100, 100, 100, 100, 100]
  round  7: max chi = 100, min = 100, E/site = -0.2785867072, err = 2.108e-02, [100, 100, 100, 100, 100, 100, 100, 100, 100, 100, 100, 100]
  (saturated -- every bond at chi = 100)

after expansion loop: 284.25 s, err = 2.108e-02, bond dims = [100, 100, 100, 100, 100, 100, 100, 100, 100, 100, 100, 100]
  all bonds at chi = 100: YES

VUMPS(50): 310.94 s, final err = 2.940e-03, E/site = -0.2791436977
  bond dims = [100, 100, 100, 100, 100, 100, 100, 100, 100, 100, 100, 100]
  (TeNPy reference: -0.2792287344;  IDMRG2 product start: -0.2765905800)

iter  time [s]    max chi
----------------------------------
1     47.477      4
2     48.607      4
3     66.644      8
4     67.565      8
5     83.920      16
6     85.336      16
7     108.204     32
8     109.775     32
9     137.992     100
10    140.924     100
11    199.867     100
12    204.752     100
13    279.073     100
14    284.140     100
15    295.280     100
16    300.622     100
17    307.085     100
18    312.316     100
19    317.642     100
20    324.518     100
21    329.976     100
22    336.693     100
23    342.089     100
24    348.500     100
25    353.929     100
26    360.268     100
27    365.701     100
28    372.017     100
29    377.530     100
30    383.973     100
31    389.510     100
32    395.889     100
33    401.503     100
34    407.928     100
35    413.528     100
36    419.993     100
37    425.661     100
38    432.112     100
39    437.836     100
40    445.201     100
41    450.995     100
42    457.636     100
43    463.409     100
44    470.676     100
45    478.464     100
46    484.217     100
47    490.056     100
48    496.950     100
49    502.749     100
50    509.506     100
51    515.237     100
52    522.073     100
53    527.778     100
54    534.650     100
55    540.008     100
56    546.290     100
57    551.749     100
58    558.748     100
59    564.317     100
60    571.263     100
61    576.748     100
62    583.213     100
63    588.728     100
64    595.347     100

per-round E/site during the warm-up loop:
  round  1: -0.2306836131
  round  2: -0.2448004557
  round  3: -0.2550394541
  round  4: -0.2635890014
  round  5: -0.2731058815
  round  6: -0.2775522307
  round  7: -0.2785867072

saved vumps_expand_trace.npz

Script done on 2026-09-09 13:34:35+02:00 [COMMAND_EXIT_CODE="0"]
