/home/leburgel/git/tmp/mina/.venv/lib/python3.12/site-packages/tenpy/networks/mps.py:1629: UserWarning: unit_cell_width is a new argument for MPS and similar classes. It is optional for now, but will become mandatory in a future release. The default value (unit_cell_width=len(sites)) is correct, iff the lattice is a Chain. For other lattices, it is incorrect. It is used for dipolar charges and correlation_function2.
  super().__init__(sites, bc, unit_cell_width)
final DMRG state not in canonical form up to norm_tol=1.00e-05: norm_err=1.21e-03
final DMRG state not in canonical form up to norm_tol_final=1.00e-10: norm_err=3.37e-06, calling psi.canonical_form()
Starting warm-up iDMRG at χ = 100 …
initial chi: [1, 1, 1, 1, 1, 1, 1, 1, 1, 1, 1, 1]
Warm-up complete.  E/site = -0.2792709199

 sweep |   time [s] |                  E | max_chi
---------------------------------------------------
     2 |       4.53 |      -0.2621761918 |     100
     4 |      10.05 |      -0.2775626011 |     100
     6 |      13.49 |      -0.2786568204 |     100
     8 |      15.97 |      -0.2789035386 |     100
    10 |      18.49 |      -0.2790703766 |     100
    12 |      21.02 |      -0.2791662625 |     100
    14 |      23.60 |      -0.2792075623 |     100
    16 |      25.38 |      -0.2792329162 |     100
    18 |      26.92 |      -0.2792462268 |     100
    20 |      28.43 |      -0.2792592899 |     100
    22 |      29.94 |      -0.2792709199 |     100

per-bond chi profile after each sweep:
  sweep   1: [8, 4, 100, 8, 11, 16, 19, 23, 31, 33, 30, 16]
  sweep   2: [100, 100, 100, 100, 100, 100, 100, 100, 100, 100, 100, 100]
  sweep   3: [100, 100, 100, 100, 100, 100, 100, 100, 100, 100, 100, 100]
  sweep   4: [100, 100, 100, 100, 100, 100, 100, 100, 100, 100, 100, 100]
  sweep   5: [100, 100, 100, 100, 100, 100, 100, 100, 100, 100, 100, 100]
  sweep   6: [100, 100, 100, 100, 100, 100, 100, 100, 100, 100, 100, 100]
  sweep   7: [100, 100, 100, 100, 100, 100, 100, 100, 100, 100, 100, 100]
  sweep   8: [100, 100, 100, 100, 100, 100, 100, 100, 100, 100, 100, 100]
  sweep   9: [100, 100, 100, 100, 100, 100, 100, 100, 100, 100, 100, 100]
  sweep  10: [100, 100, 100, 100, 100, 100, 100, 100, 100, 100, 100, 100]
  sweep  11: [100, 100, 100, 100, 100, 100, 100, 100, 100, 100, 100, 100]
  sweep  12: [100, 100, 100, 100, 100, 100, 100, 100, 100, 100, 100, 100]
  sweep  13: [100, 100, 100, 100, 100, 100, 100, 100, 100, 100, 100, 100]
  sweep  14: [100, 100, 100, 100, 100, 100, 100, 100, 100, 100, 100, 100]
  sweep  15: [100, 100, 100, 100, 100, 100, 100, 100, 100, 100, 100, 100]
  sweep  16: [100, 100, 100, 100, 100, 100, 100, 100, 100, 100, 100, 100]
  sweep  17: [100, 100, 100, 100, 100, 100, 100, 100, 100, 100, 100, 100]
  sweep  18: [100, 100, 100, 100, 100, 100, 100, 100, 100, 100, 100, 100]
  sweep  19: [100, 100, 100, 100, 100, 100, 100, 100, 100, 100, 100, 100]
  sweep  20: [100, 100, 100, 100, 100, 100, 100, 100, 100, 100, 100, 100]
  sweep  21: [100, 100, 100, 100, 100, 100, 100, 100, 100, 100, 100, 100]
  sweep  22: [100, 100, 100, 100, 100, 100, 100, 100, 100, 100, 100, 100]

Saved plot to 'fci_lander_energy_vs_time.png'.
Saved (time, energy) data to 'fci_lander_energy_vs_time.npy'.
